// Jest Snapshot v1, https://goo.gl/fbAQLP

exports[`src/stores/TranslationsStore retrieveDataWithFallback full fallback from default language (fr-FR) to fallback language (en-US) 1`] = `
Object {
  "overview": "Princess Leia is captured and held hostage by the evil Imperial forces in their effort to take over the galactic Empire. Venturesome Luke Skywalker and dashing captain Han Solo team together with the loveable robot duo R2-D2 and C-3PO to rescue the beautiful princess and restore peace and justice in the Empire.",
  "title": "Star Wars",
}
`;

exports[`src/stores/TranslationsStore retrieveDataWithFallback full fallback from translation language (es-ES) to default language (fr-FR) - e.g. missing translations 1`] = `
Object {
  "overview": "Il y a bien longtemps, dans une galaxie très lointaine... La guerre civile fait rage entre l'Empire galactique et l'Alliance rebelle. Capturée par les troupes de choc de l'Empereur menées par le sombre et impitoyable Dark Vador, la princesse Leia Organa dissimule les plans de l’Étoile Noire, une station spatiale invulnérable, à son droïde R2-D2 avec pour mission de les remettre au Jedi Obi-Wan Kenobi. Accompagné de son fidèle compagnon, le droïde de protocole C-3PO, R2-D2 s'échoue sur la planète Tatooine et termine sa quête chez le jeune Luke Skywalker. Rêvant de devenir pilote mais confiné aux travaux de la ferme, ce dernier se lance à la recherche de ce mystérieux Obi-Wan Kenobi, devenu ermite au cœur des montagnes désertiques de Tatooine...",
  "title": "La Guerre des étoiles",
}
`;

exports[`src/stores/TranslationsStore retrieveDataWithFallback partial fallback from default language (fr-FR) to fallback language (en-US) 1`] = `
Object {
  "overview": "Il y a bien longtemps, dans une galaxie très lointaine... La guerre civile fait rage entre l'Empire galactique et l'Alliance rebelle. Capturée par les troupes de choc de l'Empereur menées par le sombre et impitoyable Dark Vador, la princesse Leia Organa dissimule les plans de l’Étoile Noire, une station spatiale invulnérable, à son droïde R2-D2 avec pour mission de les remettre au Jedi Obi-Wan Kenobi. Accompagné de son fidèle compagnon, le droïde de protocole C-3PO, R2-D2 s'échoue sur la planète Tatooine et termine sa quête chez le jeune Luke Skywalker. Rêvant de devenir pilote mais confiné aux travaux de la ferme, ce dernier se lance à la recherche de ce mystérieux Obi-Wan Kenobi, devenu ermite au cœur des montagnes désertiques de Tatooine...",
  "title": "Star Wars",
}
`;

exports[`src/stores/TranslationsStore retrieveDataWithFallback partial fallback from translation language (es-ES) to default language (fr-FR) 1`] = `
Object {
  "overview": "La princesa Leia, líder del movimiento rebelde que desea reinstaurar la República en la galaxia en los tiempos ominosos del Imperio, es capturada por las malévolas Fuerzas Imperiales, capitaneadas por el implacable Darth Vader, el sirviente más fiel del emperador. El intrépido Luke Skywalker, ayudado por Han Solo, capitán de la nave espacial \\"El Halcón Milenario\\", y los androides, R2D2 y C3PO, serán los encargados de luchar contra el enemigo y rescatar a la princesa para volver a instaurar la justicia en el seno de la Galaxia.",
  "title": "La Guerre des étoiles",
}
`;

exports[`src/stores/TranslationsStore retrieveDataWithFallback translationLanguageFullCode (es-ES) should take over 1`] = `
Object {
  "overview": "La princesa Leia, líder del movimiento rebelde que desea reinstaurar la República en la galaxia en los tiempos ominosos del Imperio, es capturada por las malévolas Fuerzas Imperiales, capitaneadas por el implacable Darth Vader, el sirviente más fiel del emperador. El intrépido Luke Skywalker, ayudado por Han Solo, capitán de la nave espacial \\"El Halcón Milenario\\", y los androides, R2D2 y C3PO, serán los encargados de luchar contra el enemigo y rescatar a la princesa para volver a instaurar la justicia en el seno de la Galaxia.",
  "title": "La guerra de las galaxias. Episodio IV: Una nueva esperanza",
}
`;
